app/admin/admin-dashboard.tsx(360,28): error TS2339: Property 'profilePhoto' does not exist on type 'Vehicle'.
app/admin/admin-dashboard.tsx(362,62): error TS2339: Property 'profilePhoto' does not exist on type 'Vehicle'.
app/admin/vehicle-list.tsx(146,19): error TS2339: Property 'profilePhoto' does not exist on type 'Vehicle'.
app/admin/vehicle-list.tsx(147,58): error TS2339: Property 'profilePhoto' does not exist on type 'Vehicle'.
app/driver/select-location.tsx(141,24): error TS2339: Property 'deliveryLocation' does not exist on type 'Parcel'.
app/driver/select-location.tsx(142,24): error TS2339: Property 'deliveryLocation' does not exist on type 'Parcel'.
app/driver/select-vehicle.tsx(41,17): error TS2339: Property 'capacity' does not exist on type 'Vehicle'.
app/driver/select-vehicle.tsx(42,46): error TS2339: Property 'capacity' does not exist on type 'Vehicle'.
app/driver/select-vehicle.tsx(84,52): error TS2339: Property 'capacity' does not exist on type 'Vehicle'.
app/driver/trip-notifications.tsx(71,38): error TS2339: Property 'profilePhoto' does not exist on type '{ _id: string; regNumber: string; model: string; type: string; }'.
app/driver/trip-notifications.tsx(72,60): error TS2339: Property 'profilePhoto' does not exist on type '{ _id: string; regNumber: string; model: string; type: string; }'.
app/manager/edit-parcel.tsx(92,38): error TS2339: Property 'email' does not exist on type '{ name?: string | undefined; phone?: string | undefined; address?: string | undefined; }'.
app/manager/edit-trip.tsx(46,17): error TS2339: Property 'capacity' does not exist on type 'Vehicle'.
app/manager/edit-trip.tsx(47,46): error TS2339: Property 'capacity' does not exist on type 'Vehicle'.
app/manager/edit-trip.tsx(296,71): error TS2339: Property 'capacity' does not exist on type 'Vehicle'.
app/manager/manager-notifications.tsx(30,34): error TS2551: Property 'getManagerNotifications' does not exist on type '{ getImageUrl: (path?: string | undefined) => string | null; getUsers: () => Promise<ApiResponse<any>>; getUser: (id: string) => Promise<ApiResponse<any>>; ... 51 more ...; deleteNotification: (id: string) => Promise<...>; }'. Did you mean 'getDriverNotifications'?
app/manager/manager-notifications.tsx(33,57): error TS7006: Parameter 'a' implicitly has an 'any' type.
app/manager/manager-notifications.tsx(33,60): error TS7006: Parameter 'b' implicitly has an 'any' type.
app/manager/manager-notifications.tsx(71,42): error TS2339: Property 'declinedDriverId' does not exist on type 'Notification'.
app/manager/manager-notifications.tsx(131,29): error TS2339: Property 'declinedDriverId' does not exist on type 'Notification'.
app/manager/manager-notifications.tsx(135,29): error TS2339: Property 'declinedDriverId' does not exist on type 'Notification'.
app/manager/manager-notifications.tsx(137,19): error TS2339: Property 'declinedDriverId' does not exist on type 'Notification'.
app/manager/manager-notifications.tsx(138,57): error TS2339: Property 'declinedDriverId' does not exist on type 'Notification'.
app/manager/parcel-details.tsx(253,67): error TS2339: Property 'email' does not exist on type '{ name?: string | undefined; phone?: string | undefined; address?: string | undefined; }'.
app/manager/parcel-details.tsx(330,60): error TS2339: Property 'mobile' does not exist on type '{ _id: string; name: string; }'.
app/manager/parcel-details.tsx(333,102): error TS2339: Property 'mobile' does not exist on type '{ _id: string; name: string; }'.
app/manager/parcel-details.tsx(336,60): error TS2339: Property 'driverStatus' does not exist on type '{ _id: string; name: string; }'.
app/manager/parcel-details.tsx(338,61): error TS2339: Property 'driverStatus' does not exist on type '{ _id: string; name: string; }'.
app/manager/parcel-details.tsx(343,66): error TS2339: Property 'driverStatus' does not exist on type '{ _id: string; name: string; }'.
app/manager/parcel-details.tsx(370,24): error TS2339: Property 'deliveryLocation' does not exist on type 'Parcel'.
app/manager/parcel-details.tsx(380,33): error TS2339: Property 'deliveryLocation' does not exist on type 'Parcel'.
app/manager/parcel-details.tsx(382,31): error TS2339: Property 'deliveryLocation' does not exist on type 'Parcel'.
app/manager/parcel-details.tsx(385,31): error TS2339: Property 'deliveryLocation' does not exist on type 'Parcel'.
app/manager/parcel-details.tsx(385,68): error TS2339: Property 'deliveryLocation' does not exist on type 'Parcel'.
app/manager/parcel-details.tsx(387,38): error TS2339: Property 'deliveryLocation' does not exist on type 'Parcel'.
app/manager/parcel-details.tsx(387,85): error TS2339: Property 'deliveryLocation' does not exist on type 'Parcel'.
app/manager/parcel-details.tsx(399,66): error TS2339: Property 'deliveryLocation' does not exist on type 'Parcel'.
app/manager/parcel-details.tsx(411,27): error TS2339: Property 'deliveryLocation' does not exist on type 'Parcel'.
app/manager/parcel-details.tsx(413,25): error TS2339: Property 'deliveryLocation' does not exist on type 'Parcel'.
app/manager/parcel-details.tsx(416,25): error TS2339: Property 'deliveryLocation' does not exist on type 'Parcel'.
app/manager/parcel-details.tsx(416,62): error TS2339: Property 'deliveryLocation' does not exist on type 'Parcel'.
app/manager/parcel-details.tsx(418,32): error TS2339: Property 'deliveryLocation' does not exist on type 'Parcel'.
app/manager/parcel-details.tsx(418,79): error TS2339: Property 'deliveryLocation' does not exist on type 'Parcel'.
app/manager/parcel-list.tsx(24,17): error TS2339: Property 'name' does not exist on type 'never'.
app/manager/parcel-list.tsx(188,142): error TS2339: Property 'deliveryLocation' does not exist on type 'Parcel'.
app/manager/parcel-list.tsx(202,20): error TS2339: Property 'deliveryLocation' does not exist on type 'Parcel'.
app/manager/parcel-list.tsx(206,38): error TS2339: Property 'deliveryLocation' does not exist on type 'Parcel'.
app/manager/reassign-driver.tsx(108,42): error TS2339: Property 'reassignDriver' does not exist on type '{ getImageUrl: (path?: string | undefined) => string | null; getUsers: () => Promise<ApiResponse<any>>; getUser: (id: string) => Promise<ApiResponse<any>>; ... 51 more ...; deleteNotification: (id: string) => Promise<...>; }'.
app/manager/track-parcel.tsx(48,40): error TS2339: Property 'getParcelByTrackingId' does not exist on type '{ getImageUrl: (path?: string | undefined) => string | null; getUsers: () => Promise<ApiResponse<any>>; getUser: (id: string) => Promise<ApiResponse<any>>; ... 51 more ...; deleteNotification: (id: string) => Promise<...>; }'.
app/manager/track-parcel.tsx(80,30): error TS2339: Property 'deliveryLocation' does not exist on type 'Parcel'.
app/manager/track-parcel.tsx(86,22): error TS2339: Property 'deliveryLocation' does not exist on type 'Parcel'.
app/manager/track-parcel.tsx(90,35): error TS2339: Property 'deliveryLocation' does not exist on type 'Parcel'.
app/manager/track-parcel.tsx(90,72): error TS2339: Property 'deliveryLocation' does not exist on type 'Parcel'.
app/manager/track-parcel.tsx(187,94): error TS2339: Property 'deliveryLocation' does not exist on type 'Parcel'.
app/manager/track-parcel.tsx(188,96): error TS2339: Property 'deliveryLocation' does not exist on type 'Parcel'.
app/manager/track-parcel.tsx(194,37): error TS2339: Property 'deliveryLocation' does not exist on type 'Parcel'.
app/manager/track-parcel.tsx(194,82): error TS2339: Property 'deliveryLocation' does not exist on type 'Parcel'.
app/manager/track-parcel.tsx(197,58): error TS2339: Property 'deliveryLocation' does not exist on type 'Parcel'.
app/manager/track-parcel.tsx(198,59): error TS2339: Property 'deliveryLocation' does not exist on type 'Parcel'.
app/manager/track-parcel.tsx(231,151): error TS2339: Property 'deliveryLocation' does not exist on type 'Parcel'.
app/manager/track-parcel.tsx(231,250): error TS2339: Property 'deliveryLocation' does not exist on type 'Parcel'.
app/manager/track-parcel.tsx(231,349): error TS2339: Property 'deliveryLocation' does not exist on type 'Parcel'.
app/manager/track-parcel.tsx(231,448): error TS2339: Property 'deliveryLocation' does not exist on type 'Parcel'.
app/manager/track-parcel.tsx(231,565): error TS2339: Property 'deliveryLocation' does not exist on type 'Parcel'.
app/manager/track-parcel.tsx(231,655): error TS2339: Property 'deliveryLocation' does not exist on type 'Parcel'.
app/manager/track-trip.tsx(295,93): error TS2339: Property 'type' does not exist on type '{ _id: string; trackingId: string; weight?: number | undefined; status?: string | undefined; recipient: { name: string; address: string; }; }'.
app/manager/track-trip.tsx(297,135): error TS2339: Property 'type' does not exist on type '{ _id: string; trackingId: string; weight?: number | undefined; status?: string | undefined; recipient: { name: string; address: string; }; }'.
app/manager/track-trip.tsx(345,85): error TS2339: Property 'type' does not exist on type '{ _id: string; trackingId: string; weight?: number | undefined; status?: string | undefined; recipient: { name: string; address: string; }; }'.
app/manager/trip-assignment-detail.tsx(73,38): error TS2339: Property 'startLocation' does not exist on type 'Notification'.
app/manager/trip-assignment-detail.tsx(73,68): error TS2339: Property 'deliveryLocations' does not exist on type 'Notification'.
app/manager/trip-assignment-detail.tsx(141,40): error TS2339: Property 'startLocation' does not exist on type 'Notification'.
app/manager/trip-assignment-detail.tsx(145,47): error TS2339: Property 'deliveryLocations' does not exist on type 'Notification'.
app/manager/trip-assignment-detail.tsx(148,32): error TS2339: Property 'startLocation' does not exist on type 'Notification'.
app/manager/trip-assignment-detail.tsx(148,80): error TS2339: Property 'startLocation' does not exist on type 'Notification'.
app/manager/trip-assignment-detail.tsx(294,24): error TS2339: Property 'startLocation' does not exist on type 'Notification'.
app/manager/trip-assignment-detail.tsx(294,56): error TS2339: Property 'deliveryLocations' does not exist on type 'Notification'.
app/manager/trip-assignment-detail.tsx(301,48): error TS2339: Property 'deliveryLocations' does not exist on type 'Notification'.
app/manager/trip-assignment-detail.tsx(303,38): error TS2339: Property 'startLocation' does not exist on type 'Notification'.
app/manager/trip-assignment-detail.tsx(303,77): error TS2339: Property 'startLocation' does not exist on type 'Notification'.
app/manager/trip-assignment-detail.tsx(329,42): error TS2339: Property 'deliveryLocations' does not exist on type 'Notification'.
app/manager/trip-assignment-detail.tsx(330,38): error TS2339: Property 'startLocation' does not exist on type 'Notification'.
app/manager/trip-assignment-detail.tsx(339,32): error TS7006: Parameter 'loc' implicitly has an 'any' type.
app/manager/trip-assignment-detail.tsx(374,35): error TS7006: Parameter 'loc' implicitly has an 'any' type.
app/manager/trip-assignment-detail.tsx(519,43): error TS7006: Parameter 'location' implicitly has an 'any' type.
app/manager/trip-assignment-detail.tsx(519,53): error TS7006: Parameter 'index' implicitly has an 'any' type.
app/manager/trip-assignment-detail.tsx(606,40): error TS2339: Property 'profilePhoto' does not exist on type '{ _id: string; regNumber: string; model: string; type: string; }'.
app/manager/trip-assignment-detail.tsx(607,62): error TS2339: Property 'profilePhoto' does not exist on type '{ _id: string; regNumber: string; model: string; type: string; }'.
app/manager/trip-confirmation.tsx(187,42): error TS2339: Property 'deliveryLocations' does not exist on type 'Notification'.
app/manager/trip-confirmation.tsx(188,38): error TS2339: Property 'startLocation' does not exist on type 'Notification'.
app/manager/trip-confirmation.tsx(198,32): error TS7006: Parameter 'loc' implicitly has an 'any' type.
app/manager/trip-confirmation.tsx(235,35): error TS7006: Parameter 'loc' implicitly has an 'any' type.
app/manager/trip-confirmation.tsx(307,43): error TS7006: Parameter 'location' implicitly has an 'any' type.
app/manager/trip-confirmation.tsx(307,53): error TS7006: Parameter 'index' implicitly has an 'any' type.
app/manager/trip-details.tsx(83,66): error TS2339: Property 'phone' does not exist on type '{ _id: string; name: string; mobile?: string | undefined; profilePhoto?: string | undefined; }'.
app/manager/trip-list.tsx(18,38): error TS7006: Parameter 'a' implicitly has an 'any' type.
app/manager/trip-list.tsx(18,41): error TS7006: Parameter 'b' implicitly has an 'any' type.
app/manager/trip-summary.tsx(105,30): error TS2339: Property 'deliveryLocation' does not exist on type 'Parcel'.
app/manager/trip-summary.tsx(106,30): error TS2339: Property 'deliveryLocation' does not exist on type 'Parcel'.
app/manager/trip-summary.tsx(134,20): error TS2339: Property 'deliveryLocation' does not exist on type 'Parcel'.
app/manager/trip-summary.tsx(139,32): error TS2339: Property 'deliveryLocation' does not exist on type 'Parcel'.
app/manager/trip-summary.tsx(140,33): error TS2339: Property 'deliveryLocation' does not exist on type 'Parcel'.
app/manager/trip-summary.tsx(141,29): error TS2339: Property 'deliveryLocation' does not exist on type 'Parcel'.
app/manager/trip-summary.tsx(142,66): error TS2339: Property 'deliveryLocation' does not exist on type 'Parcel'.
app/manager/trip-summary.tsx(180,9): error TS2353: Object literal may only specify known properties, and 'assignedBy' does not exist in type '{ driverId: string; vehicleId: string; parcelIds: string[]; tripId: string; message: string; }'.
app/parcel-details.tsx(322,60): error TS2339: Property 'mobile' does not exist on type '{ _id: string; name: string; }'.
app/parcel-details.tsx(325,102): error TS2339: Property 'mobile' does not exist on type '{ _id: string; name: string; }'.
app/parcel-details.tsx(328,60): error TS2339: Property 'driverStatus' does not exist on type '{ _id: string; name: string; }'.
app/parcel-details.tsx(330,61): error TS2339: Property 'driverStatus' does not exist on type '{ _id: string; name: string; }'.
app/parcel-details.tsx(335,66): error TS2339: Property 'driverStatus' does not exist on type '{ _id: string; name: string; }'.
app/parcel-details.tsx(362,24): error TS2339: Property 'deliveryLocation' does not exist on type 'Parcel'.
app/parcel-details.tsx(372,33): error TS2339: Property 'deliveryLocation' does not exist on type 'Parcel'.
app/parcel-details.tsx(374,31): error TS2339: Property 'deliveryLocation' does not exist on type 'Parcel'.
app/parcel-details.tsx(377,31): error TS2339: Property 'deliveryLocation' does not exist on type 'Parcel'.
app/parcel-details.tsx(377,68): error TS2339: Property 'deliveryLocation' does not exist on type 'Parcel'.
app/parcel-details.tsx(379,38): error TS2339: Property 'deliveryLocation' does not exist on type 'Parcel'.
app/parcel-details.tsx(379,85): error TS2339: Property 'deliveryLocation' does not exist on type 'Parcel'.
app/parcel-details.tsx(391,66): error TS2339: Property 'deliveryLocation' does not exist on type 'Parcel'.
app/parcel-details.tsx(403,27): error TS2339: Property 'deliveryLocation' does not exist on type 'Parcel'.
app/parcel-details.tsx(405,25): error TS2339: Property 'deliveryLocation' does not exist on type 'Parcel'.
app/parcel-details.tsx(408,25): error TS2339: Property 'deliveryLocation' does not exist on type 'Parcel'.
app/parcel-details.tsx(408,62): error TS2339: Property 'deliveryLocation' does not exist on type 'Parcel'.
app/parcel-details.tsx(410,32): error TS2339: Property 'deliveryLocation' does not exist on type 'Parcel'.
app/parcel-details.tsx(410,79): error TS2339: Property 'deliveryLocation' does not exist on type 'Parcel'.
app/shared/trip-history.tsx(16,15): error TS2614: Module '"../../utils/api"' has no exported member 'DeliveredParcel'. Did you mean to use 'import DeliveredParcel from "../../utils/api"' instead?
