app/driver/select-vehicle.tsx(41,17): error TS2339: Property 'capacity' does not exist on type 'Vehicle'.
app/driver/select-vehicle.tsx(42,46): error TS2339: Property 'capacity' does not exist on type 'Vehicle'.
app/driver/select-vehicle.tsx(84,52): error TS2339: Property 'capacity' does not exist on type 'Vehicle'.
app/manager/edit-trip.tsx(46,17): error TS2339: Property 'capacity' does not exist on type 'Vehicle'.
app/manager/edit-trip.tsx(47,46): error TS2339: Property 'capacity' does not exist on type 'Vehicle'.
app/manager/edit-trip.tsx(296,71): error TS2339: Property 'capacity' does not exist on type 'Vehicle'.
app/manager/manager-notifications.tsx(30,34): error TS2551: Property 'getManagerNotifications' does not exist on type '{ getImageUrl: (path?: string | undefined) => string | null; getUsers: () => Promise<ApiResponse<any>>; getUser: (id: string) => Promise<ApiResponse<any>>; ... 52 more ...; deleteNotification: (id: string) => Promise<...>; }'. Did you mean 'getDriverNotifications'?
app/manager/manager-notifications.tsx(33,57): error TS7006: Parameter 'a' implicitly has an 'any' type.
app/manager/manager-notifications.tsx(33,60): error TS7006: Parameter 'b' implicitly has an 'any' type.
app/manager/manager-notifications.tsx(71,42): error TS2339: Property 'declinedDriverId' does not exist on type 'Notification'.
app/manager/manager-notifications.tsx(131,29): error TS2339: Property 'declinedDriverId' does not exist on type 'Notification'.
app/manager/manager-notifications.tsx(135,29): error TS2339: Property 'declinedDriverId' does not exist on type 'Notification'.
app/manager/manager-notifications.tsx(137,19): error TS2339: Property 'declinedDriverId' does not exist on type 'Notification'.
app/manager/manager-notifications.tsx(138,57): error TS2339: Property 'declinedDriverId' does not exist on type 'Notification'.
app/manager/reassign-driver.tsx(108,42): error TS2339: Property 'reassignDriver' does not exist on type '{ getImageUrl: (path?: string | undefined) => string | null; getUsers: () => Promise<ApiResponse<any>>; getUser: (id: string) => Promise<ApiResponse<any>>; ... 52 more ...; deleteNotification: (id: string) => Promise<...>; }'.
app/manager/track-trip.tsx(295,93): error TS2339: Property 'type' does not exist on type '{ _id: string; trackingId: string; weight?: number | undefined; status?: string | undefined; recipient: { name: string; address: string; }; }'.
app/manager/track-trip.tsx(297,135): error TS2339: Property 'type' does not exist on type '{ _id: string; trackingId: string; weight?: number | undefined; status?: string | undefined; recipient: { name: string; address: string; }; }'.
app/manager/track-trip.tsx(345,85): error TS2339: Property 'type' does not exist on type '{ _id: string; trackingId: string; weight?: number | undefined; status?: string | undefined; recipient: { name: string; address: string; }; }'.
app/manager/trip-details.tsx(83,66): error TS2339: Property 'phone' does not exist on type '{ _id: string; name: string; mobile?: string | undefined; profilePhoto?: string | undefined; }'.
app/manager/trip-list.tsx(18,38): error TS7006: Parameter 'a' implicitly has an 'any' type.
app/manager/trip-list.tsx(18,41): error TS7006: Parameter 'b' implicitly has an 'any' type.
